<?xml version='1.0' encoding='UTF-8'?>
<caom2:Observation xmlns:caom2="http://www.opencadc.org/caom2/xml/v2.4" xmlns:xsi="http://www.w3.org/2001/XMLSchema-instance" xsi:type="caom2:DerivedObservation" caom2:id="a27af770-bce7-4bc6-867c-2dfe104d3d0b">
  <caom2:collection>TAOSII</caom2:collection>
  <caom2:observationID>taos2_20241116T092321Z_star987654321</caom2:observationID>
  <caom2:metaRelease>2024-11-16T07:12:00.000</caom2:metaRelease>
  <caom2:sequenceNumber>12346</caom2:sequenceNumber>
  <caom2:algorithm>
    <caom2:name>timeseries</caom2:name>
  </caom2:algorithm>
  <caom2:type>IMAGE</caom2:type>
  <caom2:intent>science</caom2:intent>
  <caom2:proposal>
    <caom2:id>12346</caom2:id>
    <caom2:pi>Matthew Lehner</caom2:pi>
    <caom2:project>TAOS2</caom2:project>
    <caom2:title>Transneptunian Automated Occultation Survey</caom2:title>
    <caom2:keywords>
      <caom2:keyword>Kuiper Belt</caom2:keyword>
      <caom2:keyword>Trans Neptunian Object</caom2:keyword>
      <caom2:keyword>Occultations</caom2:keyword>
    </caom2:keywords>
  </caom2:proposal>
  <caom2:target>
    <caom2:name>123</caom2:name>
    <caom2:targetID>987654321</caom2:targetID>
    <caom2:type>object</caom2:type>
  </caom2:target>
  <caom2:targetPosition>
    <caom2:coordsys>ICRS</caom2:coordsys>
    <caom2:coordinates>
      <caom2:cval1>47.99999999999982</caom2:cval1>
      <caom2:cval2>20.3</caom2:cval2>
    </caom2:coordinates>
  </caom2:targetPosition>
  <caom2:telescope>
    <caom2:name>TAOSII</caom2:name>
    <caom2:geoLocationX>-2351886.591</caom2:geoLocationX>
    <caom2:geoLocationY>-4940787.621</caom2:geoLocationY>
    <caom2:geoLocationZ>3271331.986</caom2:geoLocationZ>
  </caom2:telescope>
  <caom2:instrument>
    <caom2:name>TAOS_II</caom2:name>
    <caom2:keywords>
      <caom2:keyword>TIMESERIES</caom2:keyword>
    </caom2:keywords>
  </caom2:instrument>
  <caom2:planes>
    <caom2:plane caom2:id="06551903-94e4-482e-9693-2e8f792a1cec">
      <caom2:productID>taos2_20241116T092321Z_star987654321</caom2:productID>
      <caom2:metaRelease>2024-11-16T07:12:00.000</caom2:metaRelease>
      <caom2:dataRelease>2029-11-16T07:12:00.000</caom2:dataRelease>
      <caom2:dataProductType>timeseries</caom2:dataProductType>
      <caom2:calibrationLevel>3</caom2:calibrationLevel>
      <caom2:provenance>
        <caom2:name>TAOS_II</caom2:name>
        <caom2:version>1.0</caom2:version>
        <caom2:lastExecuted>2024-11-16T09:23:21.000</caom2:lastExecuted>
        <caom2:inputs>
          <caom2:planeURI>caom:TAOSII/taos2_12340_domeflatmaster/taos2_12340_domeflatmaster.h5</caom2:planeURI>
          <caom2:planeURI>caom:TAOSII/taos2_12340_biasmaster/taos2_12340_biasmaster.h5</caom2:planeURI>
          <caom2:planeURI>caom:TAOSII/taos2_12340_darkmaster/taos2_12340_darkmaster.h5</caom2:planeURI>
          <caom2:planeURI>caom:TAOSII/taos2_12340_skyflatmaster/taos2_12340_skyflatmaster.h5</caom2:planeURI>
        </caom2:inputs>
      </caom2:provenance>
      <caom2:artifacts>
        <caom2:artifact caom2:id="709f6152-5b0c-4c7c-9614-ba6ec26ef617">
          <caom2:uri>cadc:TAOSII/taos2_20241116T092321Z_star987654321.h5</caom2:uri>
          <caom2:productType>science</caom2:productType>
          <caom2:releaseType>data</caom2:releaseType>
          <caom2:contentType>application/x-hdf5</caom2:contentType>
          <caom2:parts>
            <caom2:part caom2:id="869179de-9bd7-4942-b3ba-3fabf1f789cc">
              <caom2:name>0</caom2:name>
              <caom2:chunks>
                <caom2:chunk caom2:id="6bf58391-9078-49a1-9a70-42622faf8917">
                  <caom2:position>
                    <caom2:axis>
                      <caom2:axis1>
                        <caom2:ctype>RA--TAN-SIP</caom2:ctype>
                        <caom2:cunit>deg</caom2:cunit>
                      </caom2:axis1>
                      <caom2:axis2>
                        <caom2:ctype>DEC-TAN_SIP</caom2:ctype>
                        <caom2:cunit>deg</caom2:cunit>
                      </caom2:axis2>
                      <caom2:function>
                        <caom2:dimension>
                          <caom2:naxis1>9</caom2:naxis1>
                          <caom2:naxis2>9</caom2:naxis2>
                        </caom2:dimension>
                        <caom2:refCoord>
                          <caom2:coord1>
                            <caom2:pix>-38.799999999999955</caom2:pix>
                            <caom2:val>75.2</caom2:val>
                          </caom2:coord1>
                          <caom2:coord2>
                            <caom2:pix>305.6999999999998</caom2:pix>
                            <caom2:val>20.7</caom2:val>
                          </caom2:coord2>
                        </caom2:refCoord>
                        <caom2:cd11>1e-09</caom2:cd11>
                        <caom2:cd12>-0.000175</caom2:cd12>
                        <caom2:cd21>0.000175</caom2:cd21>
                        <caom2:cd22>1e-09</caom2:cd22>
                      </caom2:function>
                    </caom2:axis>
                    <caom2:coordsys>ICRS</caom2:coordsys>
                    <caom2:resolution>0.00017500000000285714</caom2:resolution>
                  </caom2:position>
                  <caom2:energy>
                    <caom2:axis>
                      <caom2:axis>
                        <caom2:ctype>WAVE</caom2:ctype>
                        <caom2:cunit>m</caom2:cunit>
                      </caom2:axis>
                      <caom2:function>
                        <caom2:naxis>1</caom2:naxis>
                        <caom2:delta>3.2e-07</caom2:delta>
                        <caom2:refCoord>
                          <caom2:pix>0.0</caom2:pix>
                          <caom2:val>5.6e-07</caom2:val>
                        </caom2:refCoord>
                      </caom2:function>
                    </caom2:axis>
                    <caom2:specsys>TOPOCENT</caom2:specsys>
                    <caom2:ssysobs>TOPOCENT</caom2:ssysobs>
                    <caom2:ssyssrc>TOPOCENT</caom2:ssyssrc>
                    <caom2:bandpassName>CLEAR</caom2:bandpassName>
                    <caom2:resolvingPower>1.575</caom2:resolvingPower>
                  </caom2:energy>
                  <caom2:time>
                    <caom2:axis>
                      <caom2:axis>
                        <caom2:ctype>TIME</caom2:ctype>
                        <caom2:cunit>d</caom2:cunit>
                      </caom2:axis>
                      <caom2:function>
                        <caom2:naxis>1</caom2:naxis>
                        <caom2:delta>5.787037037037037e-07</caom2:delta>
                        <caom2:refCoord>
                          <caom2:pix>71999.5</caom2:pix>
                          <caom2:val>0.3416664074675926</caom2:val>
                        </caom2:refCoord>
                      </caom2:function>
                    </caom2:axis>
                    <caom2:timesys>TT</caom2:timesys>
                    <caom2:mjdref>60630.0</caom2:mjdref>
                    <caom2:exposure>0.05</caom2:exposure>
                  </caom2:time>
                </caom2:chunk>
              </caom2:chunks>
            </caom2:part>
            <caom2:part caom2:id="19365d3d-d6bc-4fa4-8de5-b23846b1e807">
              <caom2:name>1</caom2:name>
              <caom2:chunks>
                <caom2:chunk caom2:id="399db863-b80b-411c-9661-793cbc7e2b3f">
                  <caom2:position>
                    <caom2:axis>
                      <caom2:axis1>
                        <caom2:ctype>RA--TAN-SIP</caom2:ctype>
                        <caom2:cunit>deg</caom2:cunit>
                      </caom2:axis1>
                      <caom2:axis2>
                        <caom2:ctype>DEC-TAN_SIP</caom2:ctype>
                        <caom2:cunit>deg</caom2:cunit>
                      </caom2:axis2>
                      <caom2:function>
                        <caom2:dimension>
                          <caom2:naxis1>9</caom2:naxis1>
                          <caom2:naxis2>9</caom2:naxis2>
                        </caom2:dimension>
                        <caom2:refCoord>
                          <caom2:coord1>
                            <caom2:pix>-39.799999999999955</caom2:pix>
                            <caom2:val>75.2</caom2:val>
                          </caom2:coord1>
                          <caom2:coord2>
                            <caom2:pix>306.6999999999998</caom2:pix>
                            <caom2:val>20.7</caom2:val>
                          </caom2:coord2>
                        </caom2:refCoord>
                        <caom2:cd11>1e-09</caom2:cd11>
                        <caom2:cd12>-0.000175</caom2:cd12>
                        <caom2:cd21>0.000175</caom2:cd21>
                        <caom2:cd22>1e-09</caom2:cd22>
                      </caom2:function>
                    </caom2:axis>
                    <caom2:coordsys>ICRS</caom2:coordsys>
                    <caom2:resolution>0.00017500000000285714</caom2:resolution>
                  </caom2:position>
                  <caom2:energy>
                    <caom2:axis>
                      <caom2:axis>
                        <caom2:ctype>WAVE</caom2:ctype>
                        <caom2:cunit>m</caom2:cunit>
                      </caom2:axis>
                      <caom2:function>
                        <caom2:naxis>1</caom2:naxis>
                        <caom2:delta>3.2e-07</caom2:delta>
                        <caom2:refCoord>
                          <caom2:pix>0.0</caom2:pix>
                          <caom2:val>5.6e-07</caom2:val>
                        </caom2:refCoord>
                      </caom2:function>
                    </caom2:axis>
                    <caom2:specsys>TOPOCENT</caom2:specsys>
                    <caom2:ssysobs>TOPOCENT</caom2:ssysobs>
                    <caom2:ssyssrc>TOPOCENT</caom2:ssyssrc>
                    <caom2:bandpassName>CLEAR</caom2:bandpassName>
                    <caom2:resolvingPower>1.575</caom2:resolvingPower>
                  </caom2:energy>
                  <caom2:time>
                    <caom2:axis>
                      <caom2:axis>
                        <caom2:ctype>TIME</caom2:ctype>
                        <caom2:cunit>d</caom2:cunit>
                      </caom2:axis>
                      <caom2:function>
                        <caom2:naxis>1</caom2:naxis>
                        <caom2:delta>5.787037037037037e-07</caom2:delta>
                        <caom2:refCoord>
                          <caom2:pix>71999.5</caom2:pix>
                          <caom2:val>0.3416664074525463</caom2:val>
                        </caom2:refCoord>
                      </caom2:function>
                    </caom2:axis>
                    <caom2:timesys>TT</caom2:timesys>
                    <caom2:mjdref>60630.0</caom2:mjdref>
                    <caom2:exposure>0.05</caom2:exposure>
                  </caom2:time>
                </caom2:chunk>
              </caom2:chunks>
            </caom2:part>
            <caom2:part caom2:id="19c6814f-c1f2-414e-8dc1-81d5ce4538e8">
              <caom2:name>2</caom2:name>
              <caom2:chunks>
                <caom2:chunk caom2:id="a2338ecc-41f0-458a-bc4c-94488da91d97">
                  <caom2:position>
                    <caom2:axis>
                      <caom2:axis1>
                        <caom2:ctype>RA--TAN-SIP</caom2:ctype>
                        <caom2:cunit>deg</caom2:cunit>
                      </caom2:axis1>
                      <caom2:axis2>
                        <caom2:ctype>DEC-TAN_SIP</caom2:ctype>
                        <caom2:cunit>deg</caom2:cunit>
                      </caom2:axis2>
                      <caom2:function>
                        <caom2:dimension>
                          <caom2:naxis1>9</caom2:naxis1>
                          <caom2:naxis2>9</caom2:naxis2>
                        </caom2:dimension>
                        <caom2:refCoord>
                          <caom2:coord1>
                            <caom2:pix>-40.799999999999955</caom2:pix>
                            <caom2:val>75.2</caom2:val>
                          </caom2:coord1>
                          <caom2:coord2>
                            <caom2:pix>307.6999999999998</caom2:pix>
                            <caom2:val>20.7</caom2:val>
                          </caom2:coord2>
                        </caom2:refCoord>
                        <caom2:cd11>1e-09</caom2:cd11>
                        <caom2:cd12>-0.000175</caom2:cd12>
                        <caom2:cd21>0.000175</caom2:cd21>
                        <caom2:cd22>1e-09</caom2:cd22>
                      </caom2:function>
                    </caom2:axis>
                    <caom2:coordsys>ICRS</caom2:coordsys>
                    <caom2:resolution>0.00017500000000285714</caom2:resolution>
                  </caom2:position>
                  <caom2:energy>
                    <caom2:axis>
                      <caom2:axis>
                        <caom2:ctype>WAVE</caom2:ctype>
                        <caom2:cunit>m</caom2:cunit>
                      </caom2:axis>
                      <caom2:function>
                        <caom2:naxis>1</caom2:naxis>
                        <caom2:delta>3.2e-07</caom2:delta>
                        <caom2:refCoord>
                          <caom2:pix>0.0</caom2:pix>
                          <caom2:val>5.6e-07</caom2:val>
                        </caom2:refCoord>
                      </caom2:function>
                    </caom2:axis>
                    <caom2:specsys>TOPOCENT</caom2:specsys>
                    <caom2:ssysobs>TOPOCENT</caom2:ssysobs>
                    <caom2:ssyssrc>TOPOCENT</caom2:ssyssrc>
                    <caom2:bandpassName>CLEAR</caom2:bandpassName>
                    <caom2:resolvingPower>1.575</caom2:resolvingPower>
                  </caom2:energy>
                  <caom2:time>
                    <caom2:axis>
                      <caom2:axis>
                        <caom2:ctype>TIME</caom2:ctype>
                        <caom2:cunit>d</caom2:cunit>
                      </caom2:axis>
                      <caom2:function>
                        <caom2:naxis>1</caom2:naxis>
                        <caom2:delta>5.787037037037037e-07</caom2:delta>
                        <caom2:refCoord>
                          <caom2:pix>71999.5</caom2:pix>
                          <caom2:val>0.3416664074375</caom2:val>
                        </caom2:refCoord>
                      </caom2:function>
                    </caom2:axis>
                    <caom2:timesys>TT</caom2:timesys>
                    <caom2:mjdref>60630.0</caom2:mjdref>
                    <caom2:exposure>0.05</caom2:exposure>
                  </caom2:time>
                </caom2:chunk>
              </caom2:chunks>
            </caom2:part>
          </caom2:parts>
        </caom2:artifact>
      </caom2:artifacts>
    </caom2:plane>
  </caom2:planes>
  <caom2:members>
    <caom2:observationURI>caom:TAOSII/taos2_12340_darkmaster</caom2:observationURI>
    <caom2:observationURI>caom:TAOSII/taos2_12340_domeflatmaster</caom2:observationURI>
    <caom2:observationURI>caom:TAOSII/taos2_12340_skyflatmaster</caom2:observationURI>
    <caom2:observationURI>caom:TAOSII/taos2_12340_biasmaster</caom2:observationURI>
  </caom2:members>
</caom2:Observation>
