<?xml version='1.0' encoding='UTF-8'?>
<caom2:Observation xmlns:caom2="http://www.opencadc.org/caom2/xml/v2.4" xmlns:xsi="http://www.w3.org/2001/XMLSchema-instance" xsi:type="caom2:DerivedObservation" caom2:id="6eb87702-35ad-4d89-a432-caf4cd7a7bd9">
  <caom2:collection>TAOSII</caom2:collection>
  <caom2:observationID>taos2_20241116T092315Z_fsc_145</caom2:observationID>
  <caom2:sequenceNumber>12345</caom2:sequenceNumber>
  <caom2:algorithm>
    <caom2:name>single</caom2:name>
  </caom2:algorithm>
  <caom2:type>IMAGE</caom2:type>
  <caom2:intent>science</caom2:intent>
  <caom2:proposal>
    <caom2:id>12345</caom2:id>
    <caom2:pi>Matthew Lehner</caom2:pi>
    <caom2:project>TAOS2</caom2:project>
    <caom2:title>Transneptunian Automated Occultation Survey</caom2:title>
    <caom2:keywords>
      <caom2:keyword>Occultations</caom2:keyword>
      <caom2:keyword>Trans Neptunian Object</caom2:keyword>
      <caom2:keyword>Kuiper Belt</caom2:keyword>
    </caom2:keywords>
  </caom2:proposal>
  <caom2:target>
    <caom2:name>123</caom2:name>
    <caom2:targetID>TAOSFIELD_123</caom2:targetID>
    <caom2:type>field</caom2:type>
  </caom2:target>
  <caom2:targetPosition>
    <caom2:coordsys>ICRS</caom2:coordsys>
    <caom2:coordinates>
      <caom2:cval1>44.99999999999978</caom2:cval1>
      <caom2:cval2>20.0</caom2:cval2>
    </caom2:coordinates>
  </caom2:targetPosition>
  <caom2:telescope>
    <caom2:name>TAOSIIFSC</caom2:name>
    <caom2:geoLocationX>-2351886.591</caom2:geoLocationX>
    <caom2:geoLocationY>-4940787.621</caom2:geoLocationY>
    <caom2:geoLocationZ>3271331.986</caom2:geoLocationZ>
  </caom2:telescope>
  <caom2:instrument>
    <caom2:name>TAOSZWOCAM</caom2:name>
    <caom2:keywords>
      <caom2:keyword>SINGLE</caom2:keyword>
    </caom2:keywords>
  </caom2:instrument>
  <caom2:planes>
    <caom2:plane caom2:id="35774f88-1f84-45d9-9734-a602d42c46d7">
      <caom2:productID>taos2_20241116T092315Z_fsc_145</caom2:productID>
      <caom2:dataProductType>image</caom2:dataProductType>
      <caom2:calibrationLevel>2</caom2:calibrationLevel>
      <caom2:provenance>
        <caom2:name>TAOS_II</caom2:name>
        <caom2:version>1.0</caom2:version>
        <caom2:lastExecuted>2024-11-16T09:23:15.000</caom2:lastExecuted>
        <caom2:inputs>
          <caom2:planeURI>caom:TAOSII/taos2fsc_12342_domeflatmaster/taos2fsc_12342_domeflatmaster.h5</caom2:planeURI>
          <caom2:planeURI>caom:TAOSII/taos2fsc_12340_biasmaster/taos2fsc_12340_biasmaster.h5</caom2:planeURI>
          <caom2:planeURI>caom:TAOSII/taos2fsc_12343_skyflatmaster/taos2fsc_12343_skyflatmaster.h5</caom2:planeURI>
          <caom2:planeURI>caom:TAOSII/taos2fsc_12341_darkmaster/taos2fsc_12341_darkmaster.h5</caom2:planeURI>
        </caom2:inputs>
      </caom2:provenance>
      <caom2:artifacts>
        <caom2:artifact caom2:id="6eb84ca1-24b5-414c-80c6-12f5e729d2db">
          <caom2:uri>cadc:TAOSII/taos2_20241116T092315Z_fsc_145.h5</caom2:uri>
          <caom2:productType>science</caom2:productType>
          <caom2:releaseType>data</caom2:releaseType>
          <caom2:contentType>application/x-hdf5</caom2:contentType>
          <caom2:parts>
            <caom2:part caom2:id="8f9c5aa3-3035-4baf-9d3c-e1237360fe0a">
              <caom2:name>0</caom2:name>
              <caom2:chunks>
                <caom2:chunk caom2:id="e8ac1c87-9b20-4303-8167-4cec097c953b">
                  <caom2:position>
                    <caom2:axis>
                      <caom2:axis1>
                        <caom2:ctype>RA--TAN-SIP</caom2:ctype>
                        <caom2:cunit>deg</caom2:cunit>
                      </caom2:axis1>
                      <caom2:axis2>
                        <caom2:ctype>DEC-TAN_SIP</caom2:ctype>
                        <caom2:cunit>deg</caom2:cunit>
                      </caom2:axis2>
                      <caom2:function>
                        <caom2:dimension>
                          <caom2:naxis1>6388</caom2:naxis1>
                          <caom2:naxis2>6388</caom2:naxis2>
                        </caom2:dimension>
                        <caom2:refCoord>
                          <caom2:coord1>
                            <caom2:pix>3193.5</caom2:pix>
                            <caom2:val>75.1</caom2:val>
                          </caom2:coord1>
                          <caom2:coord2>
                            <caom2:pix>3193.5</caom2:pix>
                            <caom2:val>19.9</caom2:val>
                          </caom2:coord2>
                        </caom2:refCoord>
                        <caom2:cd11>0.000266</caom2:cd11>
                        <caom2:cd12>0.0</caom2:cd12>
                        <caom2:cd21>0.0</caom2:cd21>
                        <caom2:cd22>0.000266</caom2:cd22>
                      </caom2:function>
                    </caom2:axis>
                    <caom2:coordsys>ICRS</caom2:coordsys>
                    <caom2:resolution>0.000266</caom2:resolution>
                  </caom2:position>
                  <caom2:energy>
                    <caom2:axis>
                      <caom2:axis>
                        <caom2:ctype>WAVE</caom2:ctype>
                        <caom2:cunit>m</caom2:cunit>
                      </caom2:axis>
                      <caom2:function>
                        <caom2:naxis>1</caom2:naxis>
                        <caom2:delta>3.2e-07</caom2:delta>
                        <caom2:refCoord>
                          <caom2:pix>0.5</caom2:pix>
                          <caom2:val>5.6e-07</caom2:val>
                        </caom2:refCoord>
                      </caom2:function>
                    </caom2:axis>
                    <caom2:specsys>TOPOCENT</caom2:specsys>
                    <caom2:ssysobs>TOPOCENT</caom2:ssysobs>
                    <caom2:ssyssrc>TOPOCENT</caom2:ssyssrc>
                    <caom2:bandpassName>CLEAR</caom2:bandpassName>
                  </caom2:energy>
                  <caom2:time>
                    <caom2:axis>
                      <caom2:axis>
                        <caom2:ctype>TIME</caom2:ctype>
                        <caom2:cunit>d</caom2:cunit>
                      </caom2:axis>
                      <caom2:function>
                        <caom2:naxis>1</caom2:naxis>
                        <caom2:delta>1.1574074074066631e-05</caom2:delta>
                        <caom2:refCoord>
                          <caom2:pix>0.5</caom2:pix>
                          <caom2:val>0.3000115740740741</caom2:val>
                        </caom2:refCoord>
                      </caom2:function>
                    </caom2:axis>
                    <caom2:timesys>TT</caom2:timesys>
                    <caom2:mjdref>0.0</caom2:mjdref>
                    <caom2:exposure>1.0</caom2:exposure>
                  </caom2:time>
                </caom2:chunk>
              </caom2:chunks>
            </caom2:part>
            <caom2:part caom2:id="5b4a9822-a537-4add-8c52-dafcc7238276">
              <caom2:name>1</caom2:name>
              <caom2:chunks>
                <caom2:chunk caom2:id="e994b075-a4f6-4213-9ad1-7bd9a6c062a9">
                  <caom2:position>
                    <caom2:axis>
                      <caom2:axis1>
                        <caom2:ctype>RA--TAN-SIP</caom2:ctype>
                        <caom2:cunit>deg</caom2:cunit>
                      </caom2:axis1>
                      <caom2:axis2>
                        <caom2:ctype>DEC-TAN_SIP</caom2:ctype>
                        <caom2:cunit>deg</caom2:cunit>
                      </caom2:axis2>
                      <caom2:function>
                        <caom2:dimension>
                          <caom2:naxis1>6388</caom2:naxis1>
                          <caom2:naxis2>6388</caom2:naxis2>
                        </caom2:dimension>
                        <caom2:refCoord>
                          <caom2:coord1>
                            <caom2:pix>3193.5</caom2:pix>
                            <caom2:val>75.1</caom2:val>
                          </caom2:coord1>
                          <caom2:coord2>
                            <caom2:pix>3193.5</caom2:pix>
                            <caom2:val>19.9</caom2:val>
                          </caom2:coord2>
                        </caom2:refCoord>
                        <caom2:cd11>0.000266</caom2:cd11>
                        <caom2:cd12>0.0</caom2:cd12>
                        <caom2:cd21>0.0</caom2:cd21>
                        <caom2:cd22>0.000266</caom2:cd22>
                      </caom2:function>
                    </caom2:axis>
                    <caom2:coordsys>ICRS</caom2:coordsys>
                    <caom2:resolution>0.000266</caom2:resolution>
                  </caom2:position>
                  <caom2:energy>
                    <caom2:axis>
                      <caom2:axis>
                        <caom2:ctype>WAVE</caom2:ctype>
                        <caom2:cunit>m</caom2:cunit>
                      </caom2:axis>
                      <caom2:function>
                        <caom2:naxis>1</caom2:naxis>
                        <caom2:delta>3.2e-07</caom2:delta>
                        <caom2:refCoord>
                          <caom2:pix>0.5</caom2:pix>
                          <caom2:val>5.6e-07</caom2:val>
                        </caom2:refCoord>
                      </caom2:function>
                    </caom2:axis>
                    <caom2:specsys>TOPOCENT</caom2:specsys>
                    <caom2:ssysobs>TOPOCENT</caom2:ssysobs>
                    <caom2:ssyssrc>TOPOCENT</caom2:ssyssrc>
                    <caom2:bandpassName>CLEAR</caom2:bandpassName>
                  </caom2:energy>
                  <caom2:time>
                    <caom2:axis>
                      <caom2:axis>
                        <caom2:ctype>TIME</caom2:ctype>
                        <caom2:cunit>d</caom2:cunit>
                      </caom2:axis>
                      <caom2:function>
                        <caom2:naxis>1</caom2:naxis>
                        <caom2:delta>1.1574074074066631e-05</caom2:delta>
                        <caom2:refCoord>
                          <caom2:pix>0.5</caom2:pix>
                          <caom2:val>0.3000115740740741</caom2:val>
                        </caom2:refCoord>
                      </caom2:function>
                    </caom2:axis>
                    <caom2:timesys>TT</caom2:timesys>
                    <caom2:mjdref>0.0</caom2:mjdref>
                    <caom2:exposure>1.0</caom2:exposure>
                  </caom2:time>
                </caom2:chunk>
              </caom2:chunks>
            </caom2:part>
            <caom2:part caom2:id="ae9df998-a029-4219-a7a6-bce5d4419e22">
              <caom2:name>2</caom2:name>
              <caom2:chunks>
                <caom2:chunk caom2:id="cd28de69-45a6-4c6f-a7be-c21636219c8e">
                  <caom2:position>
                    <caom2:axis>
                      <caom2:axis1>
                        <caom2:ctype>RA--TAN-SIP</caom2:ctype>
                        <caom2:cunit>deg</caom2:cunit>
                      </caom2:axis1>
                      <caom2:axis2>
                        <caom2:ctype>DEC-TAN_SIP</caom2:ctype>
                        <caom2:cunit>deg</caom2:cunit>
                      </caom2:axis2>
                      <caom2:function>
                        <caom2:dimension>
                          <caom2:naxis1>6388</caom2:naxis1>
                          <caom2:naxis2>6388</caom2:naxis2>
                        </caom2:dimension>
                        <caom2:refCoord>
                          <caom2:coord1>
                            <caom2:pix>3193.5</caom2:pix>
                            <caom2:val>75.1</caom2:val>
                          </caom2:coord1>
                          <caom2:coord2>
                            <caom2:pix>3193.5</caom2:pix>
                            <caom2:val>19.9</caom2:val>
                          </caom2:coord2>
                        </caom2:refCoord>
                        <caom2:cd11>0.000266</caom2:cd11>
                        <caom2:cd12>0.0</caom2:cd12>
                        <caom2:cd21>0.0</caom2:cd21>
                        <caom2:cd22>0.000266</caom2:cd22>
                      </caom2:function>
                    </caom2:axis>
                    <caom2:coordsys>ICRS</caom2:coordsys>
                    <caom2:resolution>0.000266</caom2:resolution>
                  </caom2:position>
                  <caom2:energy>
                    <caom2:axis>
                      <caom2:axis>
                        <caom2:ctype>WAVE</caom2:ctype>
                        <caom2:cunit>m</caom2:cunit>
                      </caom2:axis>
                      <caom2:function>
                        <caom2:naxis>1</caom2:naxis>
                        <caom2:delta>3.2e-07</caom2:delta>
                        <caom2:refCoord>
                          <caom2:pix>0.5</caom2:pix>
                          <caom2:val>5.6e-07</caom2:val>
                        </caom2:refCoord>
                      </caom2:function>
                    </caom2:axis>
                    <caom2:specsys>TOPOCENT</caom2:specsys>
                    <caom2:ssysobs>TOPOCENT</caom2:ssysobs>
                    <caom2:ssyssrc>TOPOCENT</caom2:ssyssrc>
                    <caom2:bandpassName>CLEAR</caom2:bandpassName>
                  </caom2:energy>
                  <caom2:time>
                    <caom2:axis>
                      <caom2:axis>
                        <caom2:ctype>TIME</caom2:ctype>
                        <caom2:cunit>d</caom2:cunit>
                      </caom2:axis>
                      <caom2:function>
                        <caom2:naxis>1</caom2:naxis>
                        <caom2:delta>1.1574074074066631e-05</caom2:delta>
                        <caom2:refCoord>
                          <caom2:pix>0.5</caom2:pix>
                          <caom2:val>0.3000115740740741</caom2:val>
                        </caom2:refCoord>
                      </caom2:function>
                    </caom2:axis>
                    <caom2:timesys>TT</caom2:timesys>
                    <caom2:mjdref>0.0</caom2:mjdref>
                    <caom2:exposure>1.0</caom2:exposure>
                  </caom2:time>
                </caom2:chunk>
              </caom2:chunks>
            </caom2:part>
          </caom2:parts>
        </caom2:artifact>
      </caom2:artifacts>
    </caom2:plane>
  </caom2:planes>
  <caom2:members>
    <caom2:observationURI>caom:TAOSII/taos2fsc_12343_skyflatmaster</caom2:observationURI>
    <caom2:observationURI>caom:TAOSII/taos2fsc_12341_darkmaster</caom2:observationURI>
    <caom2:observationURI>caom:TAOSII/taos2fsc_12340_biasmaster</caom2:observationURI>
    <caom2:observationURI>caom:TAOSII/taos2fsc_12342_domeflatmaster</caom2:observationURI>
  </caom2:members>
</caom2:Observation>
