<?xml version='1.0' encoding='UTF-8'?>
<caom2:Observation xmlns:caom2="http://www.opencadc.org/caom2/xml/v2.4" xmlns:xsi="http://www.w3.org/2001/XMLSchema-instance" xsi:type="caom2:DerivedObservation" caom2:id="3fbf52f9-df99-40f1-98f4-db0690281652">
  <caom2:collection>TAOSII</caom2:collection>
  <caom2:observationID>taos2_20241121T100920Z_cmos31_012</caom2:observationID>
  <caom2:metaRelease>2024-11-21T07:12:00.000</caom2:metaRelease>
  <caom2:sequenceNumber>12345</caom2:sequenceNumber>
  <caom2:algorithm>
    <caom2:name>single</caom2:name>
  </caom2:algorithm>
  <caom2:type>IMAGE</caom2:type>
  <caom2:intent>science</caom2:intent>
  <caom2:proposal>
    <caom2:id>12345</caom2:id>
    <caom2:pi>Matthew Lehner</caom2:pi>
    <caom2:project>TAOS2</caom2:project>
    <caom2:title>Transneptunian Automated Occultation Survey</caom2:title>
    <caom2:keywords>
      <caom2:keyword>Occultations</caom2:keyword>
      <caom2:keyword>Kuiper Belt</caom2:keyword>
      <caom2:keyword>Trans Neptunian Object</caom2:keyword>
    </caom2:keywords>
  </caom2:proposal>
  <caom2:target>
    <caom2:name>123</caom2:name>
    <caom2:targetID>TAOSFIELD_123</caom2:targetID>
    <caom2:type>field</caom2:type>
  </caom2:target>
  <caom2:targetPosition>
    <caom2:coordsys>ICRS</caom2:coordsys>
    <caom2:coordinates>
      <caom2:cval1>44.99999999999978</caom2:cval1>
      <caom2:cval2>20.0</caom2:cval2>
    </caom2:coordinates>
  </caom2:targetPosition>
  <caom2:telescope>
    <caom2:name>TAOSII</caom2:name>
    <caom2:geoLocationX>-2351886.591</caom2:geoLocationX>
    <caom2:geoLocationY>-4940787.621</caom2:geoLocationY>
    <caom2:geoLocationZ>3271331.986</caom2:geoLocationZ>
  </caom2:telescope>
  <caom2:instrument>
    <caom2:name>TAOS_II</caom2:name>
    <caom2:keywords>
      <caom2:keyword>SINGLE</caom2:keyword>
    </caom2:keywords>
  </caom2:instrument>
  <caom2:planes>
    <caom2:plane caom2:id="1e5d544d-42c6-4f90-96b1-7d718742195b">
      <caom2:productID>taos2_20241121T100920Z_cmos31_012</caom2:productID>
      <caom2:metaRelease>2024-11-21T07:12:00.000</caom2:metaRelease>
      <caom2:dataRelease>2029-11-21T07:12:00.000</caom2:dataRelease>
      <caom2:dataProductType>image</caom2:dataProductType>
      <caom2:calibrationLevel>2</caom2:calibrationLevel>
      <caom2:provenance>
        <caom2:name>TAOS_II</caom2:name>
        <caom2:version>1.0</caom2:version>
        <caom2:lastExecuted>2024-11-21T10:09:20.000</caom2:lastExecuted>
        <caom2:inputs>
          <caom2:planeURI>caom:TAOSII/taos2_12341_darkmaster/taos2_12341_darkmaster.h5</caom2:planeURI>
          <caom2:planeURI>caom:TAOSII/taos2_12340_biasmaster/taos2_12340_biasmaster.h5</caom2:planeURI>
          <caom2:planeURI>caom:TAOSII/taos2_12342_domeflatmaster/taos2_12342_domeflatmaster.h5</caom2:planeURI>
          <caom2:planeURI>caom:TAOSII/taos2_12343_skyflatmaster/taos2_12343_skyflatmaster.h5</caom2:planeURI>
        </caom2:inputs>
      </caom2:provenance>
      <caom2:artifacts>
        <caom2:artifact caom2:id="ed1a3a92-1007-4afa-8b59-5ddc32e7138f">
          <caom2:uri>cadc:TAOSII/2024/11/21/20241121T100920Z/taos2_20241121T100920Z_cmos31_012.h5</caom2:uri>
          <caom2:productType>science</caom2:productType>
          <caom2:releaseType>data</caom2:releaseType>
          <caom2:contentType>application/x-hdf5</caom2:contentType>
          <caom2:contentLength>196944</caom2:contentLength>
          <caom2:parts>
            <caom2:part caom2:id="66eb3507-2ced-4d16-bfd0-04c7cc839615">
              <caom2:name>0</caom2:name>
              <caom2:chunks>
                <caom2:chunk caom2:id="a11f7ec2-7ee2-416b-9b3e-a6003931df32">
                  <caom2:position>
                    <caom2:axis>
                      <caom2:axis1>
                        <caom2:ctype>RA--TAN-SIP</caom2:ctype>
                        <caom2:cunit>deg</caom2:cunit>
                      </caom2:axis1>
                      <caom2:axis2>
                        <caom2:ctype>DEC-TAN_SIP</caom2:ctype>
                        <caom2:cunit>deg</caom2:cunit>
                      </caom2:axis2>
                      <caom2:function>
                        <caom2:dimension>
                          <caom2:naxis1>1920</caom2:naxis1>
                          <caom2:naxis2>4608</caom2:naxis2>
                        </caom2:dimension>
                        <caom2:refCoord>
                          <caom2:coord1>
                            <caom2:pix>961.2</caom2:pix>
                            <caom2:val>75.2</caom2:val>
                          </caom2:coord1>
                          <caom2:coord2>
                            <caom2:pix>2305.7</caom2:pix>
                            <caom2:val>20.7</caom2:val>
                          </caom2:coord2>
                        </caom2:refCoord>
                        <caom2:cd11>1e-09</caom2:cd11>
                        <caom2:cd12>-0.000175</caom2:cd12>
                        <caom2:cd21>0.000175</caom2:cd21>
                        <caom2:cd22>1e-09</caom2:cd22>
                      </caom2:function>
                    </caom2:axis>
                    <caom2:coordsys>ICRS</caom2:coordsys>
                    <caom2:resolution>0.00017500000000285714</caom2:resolution>
                  </caom2:position>
                  <caom2:energy>
                    <caom2:axis>
                      <caom2:axis>
                        <caom2:ctype>WAVE</caom2:ctype>
                        <caom2:cunit>m</caom2:cunit>
                      </caom2:axis>
                      <caom2:function>
                        <caom2:naxis>1</caom2:naxis>
                        <caom2:delta>3.2e-07</caom2:delta>
                        <caom2:refCoord>
                          <caom2:pix>0.0</caom2:pix>
                          <caom2:val>5.6e-07</caom2:val>
                        </caom2:refCoord>
                      </caom2:function>
                    </caom2:axis>
                    <caom2:specsys>TOPOCENT</caom2:specsys>
                    <caom2:ssysobs>TOPOCENT</caom2:ssysobs>
                    <caom2:ssyssrc>TOPOCENT</caom2:ssyssrc>
                    <caom2:bandpassName>CLEAR</caom2:bandpassName>
                    <caom2:resolvingPower>1.575</caom2:resolvingPower>
                  </caom2:energy>
                  <caom2:time>
                    <caom2:axis>
                      <caom2:axis>
                        <caom2:ctype>TIME</caom2:ctype>
                        <caom2:cunit>d</caom2:cunit>
                      </caom2:axis>
                      <caom2:function>
                        <caom2:naxis>1</caom2:naxis>
                        <caom2:delta>5.7870370370471935e-06</caom2:delta>
                        <caom2:refCoord>
                          <caom2:pix>0.0</caom2:pix>
                          <caom2:val>0.30000578703703706</caom2:val>
                        </caom2:refCoord>
                      </caom2:function>
                    </caom2:axis>
                    <caom2:timesys>TT</caom2:timesys>
                    <caom2:mjdref>60635.0</caom2:mjdref>
                    <caom2:exposure>1.0</caom2:exposure>
                  </caom2:time>
                </caom2:chunk>
              </caom2:chunks>
            </caom2:part>
            <caom2:part caom2:id="6125ec24-a555-4b95-8d03-83e89a2e197d">
              <caom2:name>1</caom2:name>
              <caom2:chunks>
                <caom2:chunk caom2:id="7aca7465-de70-4cf8-b53a-707265f4187f">
                  <caom2:position>
                    <caom2:axis>
                      <caom2:axis1>
                        <caom2:ctype>RA--TAN-SIP</caom2:ctype>
                        <caom2:cunit>deg</caom2:cunit>
                      </caom2:axis1>
                      <caom2:axis2>
                        <caom2:ctype>DEC-TAN_SIP</caom2:ctype>
                        <caom2:cunit>deg</caom2:cunit>
                      </caom2:axis2>
                      <caom2:function>
                        <caom2:dimension>
                          <caom2:naxis1>1920</caom2:naxis1>
                          <caom2:naxis2>4608</caom2:naxis2>
                        </caom2:dimension>
                        <caom2:refCoord>
                          <caom2:coord1>
                            <caom2:pix>961.2</caom2:pix>
                            <caom2:val>75.2</caom2:val>
                          </caom2:coord1>
                          <caom2:coord2>
                            <caom2:pix>2305.7</caom2:pix>
                            <caom2:val>20.7</caom2:val>
                          </caom2:coord2>
                        </caom2:refCoord>
                        <caom2:cd11>1e-09</caom2:cd11>
                        <caom2:cd12>-0.000175</caom2:cd12>
                        <caom2:cd21>0.000175</caom2:cd21>
                        <caom2:cd22>1e-09</caom2:cd22>
                      </caom2:function>
                    </caom2:axis>
                    <caom2:coordsys>ICRS</caom2:coordsys>
                    <caom2:resolution>0.00017500000000285714</caom2:resolution>
                  </caom2:position>
                  <caom2:energy>
                    <caom2:axis>
                      <caom2:axis>
                        <caom2:ctype>WAVE</caom2:ctype>
                        <caom2:cunit>m</caom2:cunit>
                      </caom2:axis>
                      <caom2:function>
                        <caom2:naxis>1</caom2:naxis>
                        <caom2:delta>3.2e-07</caom2:delta>
                        <caom2:refCoord>
                          <caom2:pix>0.0</caom2:pix>
                          <caom2:val>5.6e-07</caom2:val>
                        </caom2:refCoord>
                      </caom2:function>
                    </caom2:axis>
                    <caom2:specsys>TOPOCENT</caom2:specsys>
                    <caom2:ssysobs>TOPOCENT</caom2:ssysobs>
                    <caom2:ssyssrc>TOPOCENT</caom2:ssyssrc>
                    <caom2:bandpassName>CLEAR</caom2:bandpassName>
                    <caom2:resolvingPower>1.575</caom2:resolvingPower>
                  </caom2:energy>
                  <caom2:time>
                    <caom2:axis>
                      <caom2:axis>
                        <caom2:ctype>TIME</caom2:ctype>
                        <caom2:cunit>d</caom2:cunit>
                      </caom2:axis>
                      <caom2:function>
                        <caom2:naxis>1</caom2:naxis>
                        <caom2:delta>5.7870370370471935e-06</caom2:delta>
                        <caom2:refCoord>
                          <caom2:pix>0.0</caom2:pix>
                          <caom2:val>0.30000578703703706</caom2:val>
                        </caom2:refCoord>
                      </caom2:function>
                    </caom2:axis>
                    <caom2:timesys>TT</caom2:timesys>
                    <caom2:mjdref>60635.0</caom2:mjdref>
                    <caom2:exposure>1.0</caom2:exposure>
                  </caom2:time>
                </caom2:chunk>
              </caom2:chunks>
            </caom2:part>
            <caom2:part caom2:id="4ecf9670-0df6-4217-85e6-b4e4408bed2c">
              <caom2:name>2</caom2:name>
              <caom2:chunks>
                <caom2:chunk caom2:id="36331881-9c65-42ae-b636-45bce889978a">
                  <caom2:position>
                    <caom2:axis>
                      <caom2:axis1>
                        <caom2:ctype>RA--TAN-SIP</caom2:ctype>
                        <caom2:cunit>deg</caom2:cunit>
                      </caom2:axis1>
                      <caom2:axis2>
                        <caom2:ctype>DEC-TAN_SIP</caom2:ctype>
                        <caom2:cunit>deg</caom2:cunit>
                      </caom2:axis2>
                      <caom2:function>
                        <caom2:dimension>
                          <caom2:naxis1>1920</caom2:naxis1>
                          <caom2:naxis2>4608</caom2:naxis2>
                        </caom2:dimension>
                        <caom2:refCoord>
                          <caom2:coord1>
                            <caom2:pix>961.2</caom2:pix>
                            <caom2:val>75.2</caom2:val>
                          </caom2:coord1>
                          <caom2:coord2>
                            <caom2:pix>2305.7</caom2:pix>
                            <caom2:val>20.7</caom2:val>
                          </caom2:coord2>
                        </caom2:refCoord>
                        <caom2:cd11>1e-09</caom2:cd11>
                        <caom2:cd12>-0.000175</caom2:cd12>
                        <caom2:cd21>0.000175</caom2:cd21>
                        <caom2:cd22>1e-09</caom2:cd22>
                      </caom2:function>
                    </caom2:axis>
                    <caom2:coordsys>ICRS</caom2:coordsys>
                    <caom2:resolution>0.00017500000000285714</caom2:resolution>
                  </caom2:position>
                  <caom2:energy>
                    <caom2:axis>
                      <caom2:axis>
                        <caom2:ctype>WAVE</caom2:ctype>
                        <caom2:cunit>m</caom2:cunit>
                      </caom2:axis>
                      <caom2:function>
                        <caom2:naxis>1</caom2:naxis>
                        <caom2:delta>3.2e-07</caom2:delta>
                        <caom2:refCoord>
                          <caom2:pix>0.0</caom2:pix>
                          <caom2:val>5.6e-07</caom2:val>
                        </caom2:refCoord>
                      </caom2:function>
                    </caom2:axis>
                    <caom2:specsys>TOPOCENT</caom2:specsys>
                    <caom2:ssysobs>TOPOCENT</caom2:ssysobs>
                    <caom2:ssyssrc>TOPOCENT</caom2:ssyssrc>
                    <caom2:bandpassName>CLEAR</caom2:bandpassName>
                    <caom2:resolvingPower>1.575</caom2:resolvingPower>
                  </caom2:energy>
                  <caom2:time>
                    <caom2:axis>
                      <caom2:axis>
                        <caom2:ctype>TIME</caom2:ctype>
                        <caom2:cunit>d</caom2:cunit>
                      </caom2:axis>
                      <caom2:function>
                        <caom2:naxis>1</caom2:naxis>
                        <caom2:delta>5.7870370370471935e-06</caom2:delta>
                        <caom2:refCoord>
                          <caom2:pix>0.0</caom2:pix>
                          <caom2:val>0.30000578703703706</caom2:val>
                        </caom2:refCoord>
                      </caom2:function>
                    </caom2:axis>
                    <caom2:timesys>TT</caom2:timesys>
                    <caom2:mjdref>60635.0</caom2:mjdref>
                    <caom2:exposure>1.0</caom2:exposure>
                  </caom2:time>
                </caom2:chunk>
              </caom2:chunks>
            </caom2:part>
          </caom2:parts>
        </caom2:artifact>
      </caom2:artifacts>
    </caom2:plane>
  </caom2:planes>
  <caom2:members>
    <caom2:observationURI>caom:TAOSII/taos2_12341_darkmaster</caom2:observationURI>
    <caom2:observationURI>caom:TAOSII/taos2_12340_biasmaster</caom2:observationURI>
    <caom2:observationURI>caom:TAOSII/taos2_12342_domeflatmaster</caom2:observationURI>
    <caom2:observationURI>caom:TAOSII/taos2_12343_skyflatmaster</caom2:observationURI>
  </caom2:members>
</caom2:Observation>
